// Jest Snapshot v1, https://goo.gl/fbAQLP

exports[`matches snapshot 1`] = `
<DocumentFragment>
  <div>
    <form>
      <div>
        <label
          for="task"
        >
          Task: 
        </label>
        <input
          id="task"
          name="task"
          type="text"
          value=""
        />
        <button
          id="addNewTodo"
        >
          Add a task to the list
        </button>
      </div>
    </form>
  </div>
</DocumentFragment>
`;
