// Jest Snapshot v1, https://goo.gl/fbAQLP

exports[`snapshot test Box 1`] = `
<DocumentFragment>
  <div
    class="box"
    style="width: 100px; height: 100px; background-color: gray;"
  >
    <div>
      <button>
        X
      </button>
    </div>
  </div>
</DocumentFragment>
`;
